[     383ms] [LOG] [Fast Refresh] rebuilding @ http://localhost:3000/_next/static/chunks/node_modules_next_dist_f3530cac._.js:2297
[     395ms] [LOG] [Fast Refresh] done in 113ms @ http://localhost:3000/_next/static/chunks/node_modules_next_dist_f3530cac._.js:2297
[    1789ms] [INFO] %cDownload the React DevTools for a better development experience: https://react.dev/link/react-devtools font-weight:bold @ http://localhost:3000/_next/static/chunks/node_modules_next_dist_f3530cac._.js:2297
[    2045ms] [LOG] [HMR] connected @ http://localhost:3000/_next/static/chunks/node_modules_next_dist_f3530cac._.js:2297
[    2489ms] [LOG] Realtime Auth State Change: INITIAL_SESSION @ http://localhost:3000/_next/static/chunks/node_modules_next_dist_f3530cac._.js:2297
[    2715ms] [LOG] Realtime: Subscribing for user 4d5b3ce1-d1da-4405-b59e-125bbd34e569 @ http://localhost:3000/_next/static/chunks/node_modules_next_dist_f3530cac._.js:2297
[    2784ms] [LOG] Realtime: Subscribing for user 4d5b3ce1-d1da-4405-b59e-125bbd34e569 @ http://localhost:3000/_next/static/chunks/node_modules_next_dist_f3530cac._.js:2297
[    2828ms] [WARNING] PushSubscriptionManager: NEXT_PUBLIC_VAPID_PUBLIC_KEY ausente @ http://localhost:3000/_next/static/chunks/node_modules_next_dist_f3530cac._.js:2297
[    3411ms] [LOG] Realtime Hub [auth_hub_4d5b3ce1-d1da-4405-b59e-125bbd34e569_1779341225504]: CLOSED  @ http://localhost:3000/_next/static/chunks/node_modules_next_dist_f3530cac._.js:2297
[    3545ms] [LOG] Realtime Hub [auth_hub_4d5b3ce1-d1da-4405-b59e-125bbd34e569_1779341225608]: SUBSCRIBED  @ http://localhost:3000/_next/static/chunks/node_modules_next_dist_f3530cac._.js:2297
[    5918ms] [LOG] [Fast Refresh] rebuilding @ http://localhost:3000/_next/static/chunks/node_modules_next_dist_f3530cac._.js:2297
[    7661ms] [LOG] [Fast Refresh] done in 1843ms @ http://localhost:3000/_next/static/chunks/node_modules_next_dist_f3530cac._.js:2297
[    7780ms] [LOG] [Fast Refresh] rebuilding @ http://localhost:3000/_next/static/chunks/node_modules_next_dist_f3530cac._.js:2297
[    7805ms] [LOG] IntelligentWidget Debug: {userId: undefined, tasksCount: 0} @ http://localhost:3000/_next/static/chunks/node_modules_next_dist_f3530cac._.js:2297
[    7806ms] [LOG] IntelligentWidget Debug: {userId: undefined, tasksCount: 0} @ http://localhost:3000/_next/static/chunks/node_modules_next_dist_f3530cac._.js:2297
[    8045ms] [LOG] [Fast Refresh] done in 379ms @ http://localhost:3000/_next/static/chunks/node_modules_next_dist_f3530cac._.js:2297
[    8530ms] [LOG] IntelligentWidget Debug: {userId: 4d5b3ce1-d1da-4405-b59e-125bbd34e569, tasksCount: 0} @ http://localhost:3000/_next/static/chunks/node_modules_next_dist_f3530cac._.js:2297
[    8530ms] [LOG] IntelligentWidget Debug: {userId: 4d5b3ce1-d1da-4405-b59e-125bbd34e569, tasksCount: 0} @ http://localhost:3000/_next/static/chunks/node_modules_next_dist_f3530cac._.js:2297
[    8584ms] [LOG] IntelligentWidget Debug: {userId: 4d5b3ce1-d1da-4405-b59e-125bbd34e569, tasksCount: 25} @ http://localhost:3000/_next/static/chunks/node_modules_next_dist_f3530cac._.js:2297
[    8584ms] [LOG] IntelligentWidget Debug: {userId: 4d5b3ce1-d1da-4405-b59e-125bbd34e569, tasksCount: 25} @ http://localhost:3000/_next/static/chunks/node_modules_next_dist_f3530cac._.js:2297
[    8604ms] [LOG] IntelligentWidget Debug: {userId: 4d5b3ce1-d1da-4405-b59e-125bbd34e569, tasksCount: 25} @ http://localhost:3000/_next/static/chunks/node_modules_next_dist_f3530cac._.js:2297
[    8605ms] [LOG] IntelligentWidget Debug: {userId: 4d5b3ce1-d1da-4405-b59e-125bbd34e569, tasksCount: 25} @ http://localhost:3000/_next/static/chunks/node_modules_next_dist_f3530cac._.js:2297
[    9490ms] [LOG] IntelligentWidget Debug: {userId: 4d5b3ce1-d1da-4405-b59e-125bbd34e569, tasksCount: 25} @ http://localhost:3000/_next/static/chunks/node_modules_next_dist_f3530cac._.js:2297
[    9490ms] [LOG] IntelligentWidget Debug: {userId: 4d5b3ce1-d1da-4405-b59e-125bbd34e569, tasksCount: 25} @ http://localhost:3000/_next/static/chunks/node_modules_next_dist_f3530cac._.js:2297
[    9499ms] [LOG] IntelligentWidget Debug: {userId: 4d5b3ce1-d1da-4405-b59e-125bbd34e569, tasksCount: 25} @ http://localhost:3000/_next/static/chunks/node_modules_next_dist_f3530cac._.js:2297
[    9500ms] [LOG] IntelligentWidget Debug: {userId: 4d5b3ce1-d1da-4405-b59e-125bbd34e569, tasksCount: 25} @ http://localhost:3000/_next/static/chunks/node_modules_next_dist_f3530cac._.js:2297
[   10241ms] [LOG] [Fast Refresh] rebuilding @ http://localhost:3000/_next/static/chunks/node_modules_next_dist_f3530cac._.js:2297
[   10351ms] [LOG] [Fast Refresh] done in 210ms @ http://localhost:3000/_next/static/chunks/node_modules_next_dist_f3530cac._.js:2297
