[   10428ms] [INFO] %cDownload the React DevTools for a better development experience: https://react.dev/link/react-devtools font-weight:bold @ http://localhost:3001/_next/static/chunks/node_modules_next_dist_f3530cac._.js:2297
[   11638ms] [LOG] [HMR] connected @ http://localhost:3001/_next/static/chunks/node_modules_next_dist_f3530cac._.js:2297
[   17533ms] [LOG] [Fast Refresh] rebuilding @ http://localhost:3001/_next/static/chunks/node_modules_next_dist_f3530cac._.js:2297
[   18275ms] [LOG] [Fast Refresh] done in 1303ms @ http://localhost:3001/_next/static/chunks/node_modules_next_dist_f3530cac._.js:2297
[   18639ms] [LOG] Realtime Auth State Change: INITIAL_SESSION @ http://localhost:3001/_next/static/chunks/node_modules_next_dist_f3530cac._.js:2297
[   19235ms] [LOG] [Fast Refresh] rebuilding @ http://localhost:3001/_next/static/chunks/node_modules_next_dist_f3530cac._.js:2297
[   19245ms] [LOG] Realtime: Subscribing for user 4d5b3ce1-d1da-4405-b59e-125bbd34e569 @ http://localhost:3001/_next/static/chunks/node_modules_next_dist_f3530cac._.js:2297
[   19413ms] [LOG] [Fast Refresh] done in 279ms @ http://localhost:3001/_next/static/chunks/node_modules_next_dist_f3530cac._.js:2297
[   19455ms] [LOG] Realtime: Subscribing for user 4d5b3ce1-d1da-4405-b59e-125bbd34e569 @ http://localhost:3001/_next/static/chunks/node_modules_next_dist_f3530cac._.js:2297
[   20141ms] [LOG] Realtime Hub [auth_hub_4d5b3ce1-d1da-4405-b59e-125bbd34e569_1779305494880]: CLOSED  @ http://localhost:3001/_next/static/chunks/node_modules_next_dist_f3530cac._.js:2297
[   20647ms] [LOG] Realtime Hub [auth_hub_4d5b3ce1-d1da-4405-b59e-125bbd34e569_1779305494967]: SUBSCRIBED  @ http://localhost:3001/_next/static/chunks/node_modules_next_dist_f3530cac._.js:2297
[  132658ms] [LOG] Realtime Hub [auth_hub_4d5b3ce1-d1da-4405-b59e-125bbd34e569_1779305494967]: CHANNEL_ERROR  @ http://localhost:3001/_next/static/chunks/node_modules_next_dist_f3530cac._.js:2297
[  135808ms] [LOG] Realtime Hub [auth_hub_4d5b3ce1-d1da-4405-b59e-125bbd34e569_1779305494967]: SUBSCRIBED  @ http://localhost:3001/_next/static/chunks/node_modules_next_dist_f3530cac._.js:2297
[  161557ms] [LOG] Realtime Hub [auth_hub_4d5b3ce1-d1da-4405-b59e-125bbd34e569_1779305494967]: CHANNEL_ERROR  @ http://localhost:3001/_next/static/chunks/node_modules_next_dist_f3530cac._.js:2297
[  164643ms] [LOG] Realtime Hub [auth_hub_4d5b3ce1-d1da-4405-b59e-125bbd34e569_1779305494967]: SUBSCRIBED  @ http://localhost:3001/_next/static/chunks/node_modules_next_dist_f3530cac._.js:2297
[  728815ms] [LOG] [Fast Refresh] rebuilding @ http://localhost:3001/_next/static/chunks/node_modules_next_dist_f3530cac._.js:2297
[  730399ms] [LOG] [Fast Refresh] done in 1684ms @ http://localhost:3001/_next/static/chunks/node_modules_next_dist_f3530cac._.js:2297
[ 1421828ms] [ERROR] WebSocket connection to 'ws://localhost:3001/_next/webpack-hmr?id=ueikSjnZAKu3tH_ehqRvy' failed: Error in connection establishment: net::ERR_CONNECTION_REFUSED @ http://localhost:3001/_next/static/chunks/node_modules_next_dist_client_17643121._.js:10878
[ 1422839ms] [ERROR] WebSocket connection to 'ws://localhost:3001/_next/webpack-hmr?id=ueikSjnZAKu3tH_ehqRvy' failed: Error in connection establishment: net::ERR_CONNECTION_REFUSED @ http://localhost:3001/_next/static/chunks/node_modules_next_dist_client_17643121._.js:10878
[ 1423842ms] [ERROR] WebSocket connection to 'ws://localhost:3001/_next/webpack-hmr?id=ueikSjnZAKu3tH_ehqRvy' failed: Error in connection establishment: net::ERR_CONNECTION_REFUSED @ http://localhost:3001/_next/static/chunks/node_modules_next_dist_client_17643121._.js:10878
[ 1424844ms] [ERROR] WebSocket connection to 'ws://localhost:3001/_next/webpack-hmr?id=ueikSjnZAKu3tH_ehqRvy' failed: Error in connection establishment: net::ERR_CONNECTION_REFUSED @ http://localhost:3001/_next/static/chunks/node_modules_next_dist_client_17643121._.js:10878
[ 1425848ms] [ERROR] WebSocket connection to 'ws://localhost:3001/_next/webpack-hmr?id=ueikSjnZAKu3tH_ehqRvy' failed: Error in connection establishment: net::ERR_CONNECTION_REFUSED @ http://localhost:3001/_next/static/chunks/node_modules_next_dist_client_17643121._.js:10878
[ 1430855ms] [ERROR] WebSocket connection to 'ws://localhost:3001/_next/webpack-hmr?id=ueikSjnZAKu3tH_ehqRvy' failed: Error in connection establishment: net::ERR_CONNECTION_REFUSED @ http://localhost:3001/_next/static/chunks/node_modules_next_dist_client_17643121._.js:10878
[ 1435865ms] [ERROR] WebSocket connection to 'ws://localhost:3001/_next/webpack-hmr?id=ueikSjnZAKu3tH_ehqRvy' failed: Error in connection establishment: net::ERR_CONNECTION_REFUSED @ http://localhost:3001/_next/static/chunks/node_modules_next_dist_client_17643121._.js:10878
[ 1443366ms] [ERROR] WebSocket connection to 'ws://localhost:3001/_next/webpack-hmr?id=ueikSjnZAKu3tH_ehqRvy' failed: Error in connection establishment: net::ERR_CONNECTION_REFUSED @ http://localhost:3001/_next/static/chunks/node_modules_next_dist_client_17643121._.js:10878
[ 1448408ms] [ERROR] WebSocket connection to 'ws://localhost:3001/_next/webpack-hmr?id=ueikSjnZAKu3tH_ehqRvy' failed: Error in connection establishment: net::ERR_CONNECTION_REFUSED @ http://localhost:3001/_next/static/chunks/node_modules_next_dist_client_17643121._.js:10878
[ 1453472ms] [ERROR] WebSocket connection to 'ws://localhost:3001/_next/webpack-hmr?id=ueikSjnZAKu3tH_ehqRvy' failed: Error in connection establishment: net::ERR_CONNECTION_REFUSED @ http://localhost:3001/_next/static/chunks/node_modules_next_dist_client_17643121._.js:10878
[ 1458602ms] [ERROR] WebSocket connection to 'ws://localhost:3001/_next/webpack-hmr?id=ueikSjnZAKu3tH_ehqRvy' failed: Error in connection establishment: net::ERR_CONNECTION_REFUSED @ http://localhost:3001/_next/static/chunks/node_modules_next_dist_client_17643121._.js:10878
[ 1463912ms] [ERROR] WebSocket connection to 'ws://localhost:3001/_next/webpack-hmr?id=ueikSjnZAKu3tH_ehqRvy' failed: Error in connection establishment: net::ERR_CONNECTION_REFUSED @ http://localhost:3001/_next/static/chunks/node_modules_next_dist_client_17643121._.js:10878
