[   12503ms] [ERROR] Failed to load resource: the server responded with a status of 404 (Not Found) @ http://localhost:3000/grid.svg:0
[   12868ms] [INFO] %cDownload the React DevTools for a better development experience: https://react.dev/link/react-devtools font-weight:bold @ http://localhost:3000/_next/static/chunks/node_modules_next_dist_f3530cac._.js:2297
[   13374ms] [LOG] [HMR] connected @ http://localhost:3000/_next/static/chunks/node_modules_next_dist_f3530cac._.js:2297
[   13567ms] [LOG] [Fast Refresh] rebuilding @ http://localhost:3000/_next/static/chunks/node_modules_next_dist_f3530cac._.js:2297
[   13910ms] [WARNING] Image with src "/aurie-official-logo.png" has "fill" but is missing "sizes" prop. Please add it to improve page performance. Read more: https://nextjs.org/docs/api-reference/next/image#sizes @ http://localhost:3000/_next/static/chunks/node_modules_next_dist_f3530cac._.js:2297
[   14541ms] [LOG] [Fast Refresh] done in 1107ms @ http://localhost:3000/_next/static/chunks/node_modules_next_dist_f3530cac._.js:2297
[   36307ms] [LOG] [Fast Refresh] rebuilding @ http://localhost:3000/_next/static/chunks/node_modules_next_dist_f3530cac._.js:2297
[   40745ms] [LOG] [Fast Refresh] done in 4538ms @ http://localhost:3000/_next/static/chunks/node_modules_next_dist_f3530cac._.js:2297
[   42106ms] [LOG] [Fast Refresh] rebuilding @ http://localhost:3000/_next/static/chunks/node_modules_next_dist_f3530cac._.js:2297
[   42293ms] [LOG] [Fast Refresh] done in 287ms @ http://localhost:3000/_next/static/chunks/node_modules_next_dist_f3530cac._.js:2297
[   43587ms] [LOG] [Fast Refresh] rebuilding @ http://localhost:3000/_next/static/chunks/node_modules_next_dist_f3530cac._.js:2297
[   43592ms] [LOG] Realtime: Subscribing for user 4d5b3ce1-d1da-4405-b59e-125bbd34e569 @ http://localhost:3000/_next/static/chunks/node_modules_next_dist_f3530cac._.js:2297
[   43597ms] [LOG] Realtime Auth State Change: INITIAL_SESSION @ http://localhost:3000/_next/static/chunks/node_modules_next_dist_f3530cac._.js:2297
[   43617ms] [LOG] [Fast Refresh] done in 131ms @ http://localhost:3000/_next/static/chunks/node_modules_next_dist_f3530cac._.js:2297
[   43681ms] [LOG] Realtime: Subscribing for user 4d5b3ce1-d1da-4405-b59e-125bbd34e569 @ http://localhost:3000/_next/static/chunks/node_modules_next_dist_f3530cac._.js:2297
[   43762ms] [LOG] Realtime: Subscribing for user 4d5b3ce1-d1da-4405-b59e-125bbd34e569 @ http://localhost:3000/_next/static/chunks/node_modules_next_dist_f3530cac._.js:2297
[   43950ms] [WARNING] PushSubscriptionManager: NEXT_PUBLIC_VAPID_PUBLIC_KEY ausente @ http://localhost:3000/_next/static/chunks/node_modules_next_dist_f3530cac._.js:2297
[   43951ms] [WARNING] PushSubscriptionManager: NEXT_PUBLIC_VAPID_PUBLIC_KEY ausente @ http://localhost:3000/_next/static/chunks/node_modules_next_dist_f3530cac._.js:2297
[   44175ms] [LOG] Realtime Hub [auth_hub_4d5b3ce1-d1da-4405-b59e-125bbd34e569_1779287963836]: CLOSED  @ http://localhost:3000/_next/static/chunks/node_modules_next_dist_f3530cac._.js:2297
[   44682ms] [LOG] Realtime Hub [auth_hub_4d5b3ce1-d1da-4405-b59e-125bbd34e569_1779287963873]: SUBSCRIBED  @ http://localhost:3000/_next/static/chunks/node_modules_next_dist_f3530cac._.js:2297
[   44683ms] [LOG] Realtime Hub [auth_hub_4d5b3ce1-d1da-4405-b59e-125bbd34e569_1779287963902]: SUBSCRIBED  @ http://localhost:3000/_next/static/chunks/node_modules_next_dist_f3530cac._.js:2297
[   61262ms] [LOG] [Fast Refresh] rebuilding @ http://localhost:3000/_next/static/chunks/node_modules_next_dist_f3530cac._.js:2297
[   61334ms] [LOG] [Fast Refresh] done in 172ms @ http://localhost:3000/_next/static/chunks/node_modules_next_dist_f3530cac._.js:2297
